============================= test session starts =============================
platform win32 -- Python 3.10.0, pytest-9.0.1, pluggy-1.6.0
rootdir: D:\FA25\DSP\WebOrdering_Automation
configfile: pyproject.toml
plugins: asyncio-1.3.0
asyncio: mode=strict, debug=False, asyncio_default_fixture_loop_scope=None, asyncio_default_test_loop_scope=function
collected 4 items

tests\unit\test_selectors.py ...F                                        [100%]

================================== FAILURES ===================================
_________________________ test_detect_all_integration _________________________

    def test_detect_all_integration():
        """Test integration with detect_all"""
        detector = UIDetector()
    
        # Test Shopee detection
        shopee_results = detector.detect_all(SHOPEE_HTML)
>       assert "platform_specific" in shopee_results
E       AssertionError: assert 'platform_specific' in {'login_form': {'found': False}, 'navigation': {'found': False}, 'page_type': 'search_page', 'product_listing': {'found': False}, ...}

tests\unit\test_selectors.py:76: AssertionError
=========================== short test summary info ===========================
FAILED tests/unit/test_selectors.py::test_detect_all_integration - AssertionE...
========================= 1 failed, 3 passed in 9.47s =========================
